// Vitest Snapshot v1, https://vitest.dev/guide/snapshot.html

exports[`Extensions > matches snapshot 1`] = `
<DocumentFragment>
  <div
    class="extension-root"
  >
    <div
      class="bp6-tabs bp6-vertical"
    >
      <div
        class="bp6-tab-list"
        role="tablist"
      >
        <div
          class="bp6-tab-indicator-wrapper"
          style="display: none;"
        >
          <div
            class="bp6-tab-indicator"
          />
        </div>
        <div
          aria-controls="bp6-tab-panel_undefined_undefined"
          aria-disabled="false"
          aria-expanded="false"
          aria-selected="false"
          class="bp6-tab"
          id="bp6-tab-title_undefined_undefined"
          role="tab"
          tabindex="-1"
        >
          SampleExtension
        </div>
      </div>
    </div>
  </div>
</DocumentFragment>
`;
